// Jest Snapshot v1, https://goo.gl/fbAQLP

exports[`snapshot test <Demo /> 1`] = `
<Connect(Form(Demo))
  destroyOnUnmount={false}
  enableReinitialize={false}
  forceUnregisterOnUnmount={true}
  form="demo"
  getFormState={[Function]}
  keepDirtyOnReinitialize={false}
  persistentSubmitErrors={false}
  pure={true}
  shouldAsyncValidate={[Function]}
  shouldError={[Function]}
  shouldValidate={[Function]}
  shouldWarn={[Function]}
  store={
    Object {
      "clearActions": [Function],
      "dispatch": [Function],
      "getActions": [Function],
      "getState": [Function],
      "replaceReducer": [Function],
      "subscribe": [Function],
    }
  }
  touchOnBlur={true}
  touchOnChange={false}
  updateUnregisteredFields={false}
/>
`;
